+ VBoxManage createvm --name ISSD-Member6-SEED12 --platform-architecture x86 --ostype Ubuntu12_LTS --basefolder '/home/DHB/VirtualBox VMs' --register
WARNING: The vboxdrv kernel module is not loaded. Either there is no module
         available for the current kernel (7.2.8-arch1-2) or it failed to
         load. Please recompile the kernel module and install it by

           sudo /sbin/vboxconfig

         You will not be able to start VMs until this problem is fixed.
Virtual machine 'ISSD-Member6-SEED12' is created and registered.
UUID: 242db196-83e1-4b7a-9f0b-e399d6f8b9dc
Settings file: '/home/DHB/VirtualBox VMs/ISSD-Member6-SEED12/ISSD-Member6-SEED12.vbox'
+ VBoxManage modifyvm ISSD-Member6-SEED12 --memory 2048 --cpus 2 --ioapic on --x86-pae on --x86-long-mode off --firmware bios --graphicscontroller vmsvga --vram 64 --accelerate-3d off --boot1 disk --boot2 dvd --boot3 none --boot4 none --nic1 nat --nic-type1 82540EM --cable-connected1 off --clipboard-mode hosttoguest --drag-and-drop disabled --audio-enabled off --usb-ohci off --usb-ehci off --usb-xhci off
WARNING: The vboxdrv kernel module is not loaded. Either there is no module
         available for the current kernel (7.2.8-arch1-2) or it failed to
         load. Please recompile the kernel module and install it by

           sudo /sbin/vboxconfig

         You will not be able to start VMs until this problem is fixed.
+ VBoxManage storagectl ISSD-Member6-SEED12 --name M6-SCSI --add scsi --controller LsiLogic --bootable on
WARNING: The vboxdrv kernel module is not loaded. Either there is no module
         available for the current kernel (7.2.8-arch1-2) or it failed to
         load. Please recompile the kernel module and install it by

           sudo /sbin/vboxconfig

         You will not be able to start VMs until this problem is fixed.
+ VBoxManage storageattach ISSD-Member6-SEED12 --storagectl M6-SCSI --port 0 --device 0 --type hdd --medium '/home/DHB/VirtualBox VMs/ISSD-Member6-media/SEEDUbuntu12.04/SEEDUbuntu12.04.vmdk'
WARNING: The vboxdrv kernel module is not loaded. Either there is no module
         available for the current kernel (7.2.8-arch1-2) or it failed to
         load. Please recompile the kernel module and install it by

           sudo /sbin/vboxconfig

         You will not be able to start VMs until this problem is fixed.
+ VBoxManage storagectl ISSD-Member6-SEED12 --name M6-IDE --add ide --controller PIIX4
WARNING: The vboxdrv kernel module is not loaded. Either there is no module
         available for the current kernel (7.2.8-arch1-2) or it failed to
         load. Please recompile the kernel module and install it by

           sudo /sbin/vboxconfig

         You will not be able to start VMs until this problem is fixed.
+ VBoxManage storageattach ISSD-Member6-SEED12 --storagectl M6-IDE --port 0 --device 0 --type dvddrive --medium emptydrive
WARNING: The vboxdrv kernel module is not loaded. Either there is no module
         available for the current kernel (7.2.8-arch1-2) or it failed to
         load. Please recompile the kernel module and install it by

           sudo /sbin/vboxconfig

         You will not be able to start VMs until this problem is fixed.
+ VBoxManage sharedfolder add ISSD-Member6-SEED12 --name M6pack --hostpath /home/DHB/Downloads/ISSP/ISSD-seed-labs/Member6 --readonly
WARNING: The vboxdrv kernel module is not loaded. Either there is no module
         available for the current kernel (7.2.8-arch1-2) or it failed to
         load. Please recompile the kernel module and install it by

           sudo /sbin/vboxconfig

         You will not be able to start VMs until this problem is fixed.
+ VBoxManage sharedfolder add ISSD-Member6-SEED12 --name M6export --hostpath /home/DHB/Downloads/ISSP/ISSD-seed-labs/Member6/evidence/incoming
WARNING: The vboxdrv kernel module is not loaded. Either there is no module
         available for the current kernel (7.2.8-arch1-2) or it failed to
         load. Please recompile the kernel module and install it by

           sudo /sbin/vboxconfig

         You will not be able to start VMs until this problem is fixed.
+ VBoxManage snapshot ISSD-Member6-SEED12 take M6-clean-SEED12 --description 'Verified official SEED12 disk; powered off before first boot, lab transfer, target creation or account changes.'
WARNING: The vboxdrv kernel module is not loaded. Either there is no module
         available for the current kernel (7.2.8-arch1-2) or it failed to
         load. Please recompile the kernel module and install it by

           sudo /sbin/vboxconfig

         You will not be able to start VMs until this problem is fixed.
0%...10%...20%...30%...40%...50%...60%...70%...80%...90%...100%
Snapshot taken. UUID: 7ecb8a4e-7430-497d-8772-fe3317d43b30
+ VBoxManage showvminfo ISSD-Member6-SEED12 --machinereadable
WARNING: The vboxdrv kernel module is not loaded. Either there is no module
         available for the current kernel (7.2.8-arch1-2) or it failed to
         load. Please recompile the kernel module and install it by

           sudo /sbin/vboxconfig

         You will not be able to start VMs until this problem is fixed.
name="ISSD-Member6-SEED12"
encryption="disabled"
groups="/"
platformArchitecture="x86"
ostype="Ubuntu 12.04 LTS (Precise Pangolin) (32-bit)"
UUID="242db196-83e1-4b7a-9f0b-e399d6f8b9dc"
CfgFile="/home/DHB/VirtualBox VMs/ISSD-Member6-SEED12/ISSD-Member6-SEED12.vbox"
SnapFldr="/home/DHB/VirtualBox VMs/ISSD-Member6-SEED12/Snapshots"
LogFldr="/home/DHB/VirtualBox VMs/ISSD-Member6-SEED12/Logs"
hardwareuuid="242db196-83e1-4b7a-9f0b-e399d6f8b9dc"
memory=2048
pagefusion="off"
vram=64
cpuexecutioncap=100
cpu-profile="host"
chipset="piix3"
firmware="BIOS"
cpus=2
hpet="off"
pae="on"
longmode="off"
triplefaultreset="off"
apic="on"
x2apic="on"
nested-hw-virt="off"
hwvirtex="on"
nestedpaging="on"
largepages="off"
vtxvpid="on"
vtxux="on"
virtvmsavevmload="on"
cpuid-portability-level=0
bootmenu="messageandmenu"
boot1="disk"
boot2="dvd"
boot3="none"
boot4="none"
acpi="on"
ioapic="on"
biosapic="apic"
biossystemtimeoffset=0
NvramFile="/home/DHB/VirtualBox VMs/ISSD-Member6-SEED12/ISSD-Member6-SEED12.nvram"
rtcuseutc="on"
iommu="none"
paravirtprovider="default"
effparavirtprovider="kvm"
VMState="poweroff"
VMStateChangeTime="2026-10-07T18:10:36.672000000"
graphicscontroller="vmsvga"
monitorcount=1
accelerate3d="off"
teleporterenabled="off"
teleporterport=0
teleporteraddress=""
teleporterpassword=""
tracing-enabled="off"
tracing-allow-vm-access="off"
tracing-config=""
autostart-enabled="off"
autostart-delay=0
defaultfrontend=""
vmprocpriority="default"
storagecontrollername0="M6-SCSI"
storagecontrollertype0="LsiLogic"
storagecontrollerinstance0="0"
storagecontrollermaxportcount0="16"
storagecontrollerportcount0="16"
storagecontrollerbootable0="on"
storagecontrollername1="M6-IDE"
storagecontrollertype1="PIIX4"
storagecontrollerinstance1="0"
storagecontrollermaxportcount1="2"
storagecontrollerportcount1="2"
storagecontrollerbootable1="on"
"M6-SCSI-0-0"="/home/DHB/VirtualBox VMs/ISSD-Member6-SEED12/Snapshots/{07f6aed5-7127-40b7-b6c8-6cbf2eabc1a7}.vmdk"
"M6-SCSI-ImageUUID-0-0"="07f6aed5-7127-40b7-b6c8-6cbf2eabc1a7"
"M6-SCSI-nonrotational-0-0"="off"
"M6-SCSI-discard-0-0"="off"
"M6-SCSI-1-0"="none"
"M6-SCSI-2-0"="none"
"M6-SCSI-3-0"="none"
"M6-SCSI-4-0"="none"
"M6-SCSI-5-0"="none"
"M6-SCSI-6-0"="none"
"M6-SCSI-7-0"="none"
"M6-SCSI-8-0"="none"
"M6-SCSI-9-0"="none"
"M6-SCSI-10-0"="none"
"M6-SCSI-11-0"="none"
"M6-SCSI-12-0"="none"
"M6-SCSI-13-0"="none"
"M6-SCSI-14-0"="none"
"M6-SCSI-15-0"="none"
"M6-IDE-0-0"="emptydrive"
"M6-IDE-IsEjected-0-0"="off"
"M6-IDE-0-1"="none"
"M6-IDE-1-0"="none"
"M6-IDE-1-1"="none"
natnet1="nat"
macaddress1="0800277197DC"
cableconnected1="off"
nic1="nat"
nictype1="82540EM"
nicspeed1="0"
mtu="0"
sockSnd="64"
sockRcv="64"
tcpWndSnd="64"
tcpWndRcv="64"
localhostReachable="0"
forwardBroadcast="0"
enableTFTP="0"
nic2="none"
nic3="none"
nic4="none"
nic5="none"
nic6="none"
nic7="none"
nic8="none"
hidpointing="ps2mouse"
hidkeyboard="ps2kbd"
uart1="off"
uart2="off"
uart3="off"
uart4="off"
lpt1="off"
lpt2="off"
audio="none"
audio_out="off"
audio_in="off"
clipboard="hosttoguest"
clipboard_file_transfers="off"
draganddrop="disabled"
vrde="off"
usb="off"
ehci="off"
xhci="off"
SharedFolderNameMachineMapping1="M6pack"
SharedFolderPathMachineMapping1="/home/DHB/Downloads/ISSP/ISSD-seed-labs/Member6"
SharedFolderNameMachineMapping2="M6export"
SharedFolderPathMachineMapping2="/home/DHB/Downloads/ISSP/ISSD-seed-labs/Member6/evidence/incoming"
recording_started="off"
recording_enabled="off"
recording_screens=1
 rec_screen0
rec_screen_enabled="on"
rec_screen_id=0
rec_screen_video_enabled="on"
rec_screen_audio_enabled="off"
rec_screen_dest="File"
rec_screen_dest_filename="/home/DHB/VirtualBox VMs/ISSD-Member6-SEED12/ISSD-Member6-SEED12-screen0.webm"
rec_screen_opts="ac_profile=med"
rec_screen_video_res_xy="1024x768"
rec_screen_video_rate_kbps=512
rec_screen_video_fps=25
SnapshotName="M6-clean-SEED12"
SnapshotUUID="7ecb8a4e-7430-497d-8772-fe3317d43b30"
SnapshotDescription="Verified official SEED12 disk; powered off before first boot, lab transfer, target creation or account changes."
CurrentSnapshotName="M6-clean-SEED12"
CurrentSnapshotUUID="7ecb8a4e-7430-497d-8772-fe3317d43b30"
CurrentSnapshotNode="SnapshotName"
GuestMemoryBalloon=0
+ VBoxManage snapshot ISSD-Member6-SEED12 list --machinereadable
WARNING: The vboxdrv kernel module is not loaded. Either there is no module
         available for the current kernel (7.2.8-arch1-2) or it failed to
         load. Please recompile the kernel module and install it by

           sudo /sbin/vboxconfig

         You will not be able to start VMs until this problem is fixed.
SnapshotName="M6-clean-SEED12"
SnapshotUUID="7ecb8a4e-7430-497d-8772-fe3317d43b30"
SnapshotDescription="Verified official SEED12 disk; powered off before first boot, lab transfer, target creation or account changes."
CurrentSnapshotName="M6-clean-SEED12"
CurrentSnapshotUUID="7ecb8a4e-7430-497d-8772-fe3317d43b30"
CurrentSnapshotNode="SnapshotName"
